============================= test session starts =============================
platform win32 -- Python 3.12.3, pytest-9.0.2, pluggy-1.6.0 -- C:\Users\neelz\AppData\Local\Programs\Python\Python312\python.exe
cachedir: .pytest_cache
rootdir: C:\Users\neelz\Desktop\projects\pydiskwatch
plugins: cov-7.0.0
collecting ... collected 4 items

tests/test_log_parser.py::test_parse_syslog_linux PASSED                 [ 25%]
tests/test_log_parser.py::test_parse_windows_eventlog FAILED             [ 50%]
tests/test_log_parser.py::test_get_disk_errors_windows PASSED            [ 75%]
tests/test_log_parser.py::test_get_disk_errors_linux PASSED              [100%]

================================== FAILURES ===================================
_________________________ test_parse_windows_eventlog _________________________

mock_run = <MagicMock name='run' id='2635419669024'>

    @patch('subprocess.run')
    def test_parse_windows_eventlog(mock_run):
        mock_stdout = "  Date: 2023-01-01T10:00:00\n  Description: The device has a bad block.\n\r\n\r\nEvent["
        mock_run.return_value.stdout = mock_stdout
        entries = parser.parse_windows_eventlog()
    
        assert len(entries) == 1
>       assert '2023-01-01T10:00:00' in entries[0].timestamp
E       AssertionError: assert '2023-01-01T10:00:00' in 'Unknown'
E        +  where 'Unknown' = LogEntry(timestamp='Unknown', level='ERROR', message='The device has a bad block.').timestamp

tests\test_log_parser.py:20: AssertionError
=========================== short test summary info ===========================
FAILED tests/test_log_parser.py::test_parse_windows_eventlog - AssertionError...
========================= 1 failed, 3 passed in 0.23s =========================
